------------------------------------------------------------
Timing Analyzer Summary
------------------------------------------------------------

Type  : Slow 1100mV 85C Model Setup 'c1|pll25mhz_inst|altera_pll_i|general[0].gpll~PLL_OUTPUT_COUNTER|divclk'
Slack : 35.758
TNS   : 0.000

Type  : Slow 1100mV 85C Model Hold 'c1|pll25mhz_inst|altera_pll_i|general[0].gpll~PLL_OUTPUT_COUNTER|divclk'
Slack : 0.349
TNS   : 0.000

Type  : Slow 1100mV 85C Model Minimum Pulse Width 'c1|pll25mhz_inst|altera_pll_i|general[0].gpll~FRACTIONAL_PLL|vcoph[0]'
Slack : 1.666
TNS   : 0.000

Type  : Slow 1100mV 85C Model Minimum Pulse Width 'CLOCK_50'
Slack : 9.949
TNS   : 0.000

Type  : Slow 1100mV 85C Model Minimum Pulse Width 'c1|pll25mhz_inst|altera_pll_i|general[0].gpll~PLL_OUTPUT_COUNTER|divclk'
Slack : 19.268
TNS   : 0.000

Type  : Slow 1100mV 0C Model Setup 'c1|pll25mhz_inst|altera_pll_i|general[0].gpll~PLL_OUTPUT_COUNTER|divclk'
Slack : 35.860
TNS   : 0.000

Type  : Slow 1100mV 0C Model Hold 'c1|pll25mhz_inst|altera_pll_i|general[0].gpll~PLL_OUTPUT_COUNTER|divclk'
Slack : 0.331
TNS   : 0.000

Type  : Slow 1100mV 0C Model Minimum Pulse Width 'c1|pll25mhz_inst|altera_pll_i|general[0].gpll~FRACTIONAL_PLL|vcoph[0]'
Slack : 1.666
TNS   : 0.000

Type  : Slow 1100mV 0C Model Minimum Pulse Width 'CLOCK_50'
Slack : 9.980
TNS   : 0.000

Type  : Slow 1100mV 0C Model Minimum Pulse Width 'c1|pll25mhz_inst|altera_pll_i|general[0].gpll~PLL_OUTPUT_COUNTER|divclk'
Slack : 19.186
TNS   : 0.000

Type  : Fast 1100mV 85C Model Setup 'c1|pll25mhz_inst|altera_pll_i|general[0].gpll~PLL_OUTPUT_COUNTER|divclk'
Slack : 37.953
TNS   : 0.000

Type  : Fast 1100mV 85C Model Hold 'c1|pll25mhz_inst|altera_pll_i|general[0].gpll~PLL_OUTPUT_COUNTER|divclk'
Slack : 0.180
TNS   : 0.000

Type  : Fast 1100mV 85C Model Minimum Pulse Width 'c1|pll25mhz_inst|altera_pll_i|general[0].gpll~FRACTIONAL_PLL|vcoph[0]'
Slack : 1.666
TNS   : 0.000

Type  : Fast 1100mV 85C Model Minimum Pulse Width 'CLOCK_50'
Slack : 9.643
TNS   : 0.000

Type  : Fast 1100mV 85C Model Minimum Pulse Width 'c1|pll25mhz_inst|altera_pll_i|general[0].gpll~PLL_OUTPUT_COUNTER|divclk'
Slack : 19.554
TNS   : 0.000

Type  : Fast 1100mV 0C Model Setup 'c1|pll25mhz_inst|altera_pll_i|general[0].gpll~PLL_OUTPUT_COUNTER|divclk'
Slack : 38.138
TNS   : 0.000

Type  : Fast 1100mV 0C Model Hold 'c1|pll25mhz_inst|altera_pll_i|general[0].gpll~PLL_OUTPUT_COUNTER|divclk'
Slack : 0.165
TNS   : 0.000

Type  : Fast 1100mV 0C Model Minimum Pulse Width 'c1|pll25mhz_inst|altera_pll_i|general[0].gpll~FRACTIONAL_PLL|vcoph[0]'
Slack : 1.666
TNS   : 0.000

Type  : Fast 1100mV 0C Model Minimum Pulse Width 'CLOCK_50'
Slack : 9.632
TNS   : 0.000

Type  : Fast 1100mV 0C Model Minimum Pulse Width 'c1|pll25mhz_inst|altera_pll_i|general[0].gpll~PLL_OUTPUT_COUNTER|divclk'
Slack : 19.548
TNS   : 0.000

------------------------------------------------------------
